// Jest Snapshot v1, https://goo.gl/fbAQLP

exports[`@hydrofoil/talos-core fromDirectories adds data with SPARQL 1`] = `
"
<https://example.com/trig/users/john-doe-additional> {
	<https://example.com/trig/users/john-doe> a <http://xmlns.com/foaf/0.1/Person> ;
		<http://schema.org/givenName> \\"John\\" .
}

"
`;

exports[`@hydrofoil/talos-core fromDirectories merges resources from dataset and graph documents 1`] = `
"
<https://example.com/trig/users/john-doe> {
	<https://example.com/trig/users/john-doe> a <http://schema.org/Person>, <http://xmlns.com/foaf/0.1/Person> ;
		<http://www.w3.org/ns/earl#test> \\"trig\\" ;
		<http://xmlns.com/foaf/0.1/name> \\"John Doe\\" ;
		<http://schema.org/givenName> \\"John\\" .
}

"
`;

exports[`@hydrofoil/talos-core fromDirectories merges resources from multiple dataset documents 1`] = `
"
<https://example.com/trig/users/jane-doe> {
	<https://example.com/trig/users/jane-doe> a <http://schema.org/Person>, <http://xmlns.com/foaf/0.1/Person> ;
		<http://www.w3.org/ns/earl#test> \\"trig\\" ;
		<http://xmlns.com/foaf/0.1/name> \\"Jane Doe\\" .
}

"
`;

exports[`@hydrofoil/talos-core fromDirectories merges resources from multiple graph documents 1`] = `
"
<https://example.com> {
	<https://example.com> a <http://schema.org/Thing> ;
		<http://schema.org/hasPart> <https://example.com/#part>, _:b1, _:namedPart, _:b6 ;
		<http://schema.org/name> \\"Bar environment\\" .

	<https://example.com/#part> <http://schema.org/minValue> \\"10\\"^^<http://www.w3.org/2001/XMLSchema#integer> ;
		<http://schema.org/maxValue> \\"100\\"^^<http://www.w3.org/2001/XMLSchema#integer> .

	_:b1 <http://schema.org/name> \\"totally anonymous\\" .

	_:namedPart <http://schema.org/name> \\"Foo part\\", \\"Bar part\\" .

	_:b6 <http://schema.org/name> \\"totally anonymous\\" .
}

"
`;

exports[`@hydrofoil/talos-core fromDirectories uses the last representation when is marked in a dataset document 1`] = `
"
<https://example.com/only/three> {
	<https://example.com/only/three> <http://schema.org/name> \\"bar\\" .
}

"
`;

exports[`@hydrofoil/talos-core fromDirectories uses the last representation when is marked in another env 1`] = `
"
<https://example.com/only/two> {
	<https://example.com/only/two> <http://schema.org/name> \\"bar\\" .
}

"
`;

exports[`@hydrofoil/talos-core fromDirectories uses the last representation when is marked to replace other envs 1`] = `
"
<https://example.com/only/one> {
	<https://example.com/only/one> <http://schema.org/name> \\"bar\\" .
}

"
`;
